// Vitest Snapshot v1, https://vitest.dev/guide/snapshot.html

exports[`buildWhatsAppMessage > matches stable baseline snapshots (Regression Check) > en-whatsapp 1`] = `
"Assalam-o-Alaikum!
*Gull Real Estate & Builders, Mardan*

Dear *Asif Gull* (CEO - Direct Safe Deals), my name is *Ahmad Khan*. I am looking to buy property through your company. Here are my details:

📍 *Location:* Shamsi Road
🏠 *Property Type:* House
📐 *Area:* 10 Marlas
🏷️ *Category:* For Living / Home
⚡ *Utilities:* Electricity
💰 *Budget:* 50 Lac
📝 *Specific Needs:* Corner house with garden
📞 *Contact Number:* 03001234567
🆔 *Reference:* GRE-260301-120000
🌐 *Language:* English

Please assist me in this regard. Thank you!"
`;
